[20:26:30] [Client thread/INFO] [JMLogger] JourneyMap log initialized.
[20:26:30] [Client thread/INFO] [JourneymapClient] initialize ENTER
[20:26:30] [Client thread/TRACE] [ThemeLoader] Initializing themes ...
[20:26:30] [Client thread/ERROR] [FileHandler] Couldn't locate icons for flat: C:\Users\wellg\AppData\Roaming\PrismLauncher\instances\Primitive%20Ascent\minecraft\mods\journeymap-1.12.2-5.7.1p3.jar\assets\journeymap\theme\flat
[20:26:30] [Client thread/INFO] [PropertiesBase] core (FirstLoaded) Setting config file to version "5.7.1p3": journeymap.core.config
[20:26:30] [Client thread/INFO] [PropertiesBase] core (Valid) Creating config file: C:\Users\wellg\AppData\Roaming\PrismLauncher\instances\Primitive Ascent\minecraft\journeymap\config\5.7\journeymap.core.config
[20:26:30] [Client thread/INFO] [PropertiesBase] fullmap (FirstLoaded) Setting config file to version "5.7.1p3": journeymap.fullmap.config
[20:26:30] [Client thread/INFO] [PropertiesBase] fullmap (Valid) Creating config file: C:\Users\wellg\AppData\Roaming\PrismLauncher\instances\Primitive Ascent\minecraft\journeymap\config\5.7\journeymap.fullmap.config
[20:26:30] [Client thread/INFO] [PropertiesBase] minimap (Initialized) Setting config file to version "5.7.1p3": journeymap.minimap.config
[20:26:30] [Client thread/INFO] [PropertiesBase] minimap (Valid) Creating config file: C:\Users\wellg\AppData\Roaming\PrismLauncher\instances\Primitive Ascent\minecraft\journeymap\config\5.7\journeymap.minimap.config
[20:26:30] [Client thread/INFO] [PropertiesBase] minimap2 (FirstLoaded) Setting config file to version "5.7.1p3": journeymap.minimap2.config
[20:26:30] [Client thread/INFO] [PropertiesBase] minimap2 (Valid) Creating config file: C:\Users\wellg\AppData\Roaming\PrismLauncher\instances\Primitive Ascent\minecraft\journeymap\config\5.7\journeymap.minimap2.config
[20:26:30] [Client thread/INFO] [PropertiesBase] topo (FirstLoaded) Setting config file to version "5.7.1p3": journeymap.topo.config
[20:26:30] [Client thread/INFO] [PropertiesBase] topo (Valid) Creating config file: C:\Users\wellg\AppData\Roaming\PrismLauncher\instances\Primitive Ascent\minecraft\journeymap\config\5.7\journeymap.topo.config
[20:26:30] [Client thread/INFO] [PropertiesBase] webmap (FirstLoaded) Setting config file to version "5.7.1p3": journeymap.webmap.config
[20:26:30] [Client thread/INFO] [PropertiesBase] webmap (Valid) Creating config file: C:\Users\wellg\AppData\Roaming\PrismLauncher\instances\Primitive Ascent\minecraft\journeymap\config\5.7\journeymap.webmap.config
[20:26:30] [Client thread/INFO] [PropertiesBase] waypoint (FirstLoaded) Setting config file to version "5.7.1p3": journeymap.waypoint.config
[20:26:30] [Client thread/INFO] [PropertiesBase] waypoint (Valid) Creating config file: C:\Users\wellg\AppData\Roaming\PrismLauncher\instances\Primitive Ascent\minecraft\journeymap\config\5.7\journeymap.waypoint.config
[20:26:30] [Client thread/INFO] [?] Version: JourneyMap 1.12.2-5.7.1p3, built with Forge 14.23.5.2768
Forge: 14.23.5.2859
Environment: os.name, os.arch, java.version, user.country, user.language=null, game language=en_us, locale=en_us
Features: 
	RadarPlayers : singleplayer = true , multiplayer = true
	RadarAnimals : singleplayer = true , multiplayer = true
	RadarMobs : singleplayer = true , multiplayer = true
	RadarVillagers : singleplayer = true , multiplayer = true
	MapTopo : singleplayer = true , multiplayer = true
	MapSurface : singleplayer = true , multiplayer = true
	MapCaves : singleplayer = true , multiplayer = true
MiniMapProperties{state=SavedOk, file=journeymap.minimap.config, configVersion=5.7.1p3, zoomLevel=0, showPlayers=true, frameAlpha=100, compassFontScale=1, terrainAlpha=100, showEntityNames=true, enabled=true, showPlayerHeading=true, showVillagers=true, info2Label=Game Time, sizePercent=30, showDayNight=true, info3Label=Location, showMobs=true, showPets=true, preferredMapType=day, showCompass=true, mobDisplay=Small Dots, showReticle=true, orientation=North, systemTimeRealFormat=HH:mm:ss, shape=Circle, showSelf=true, info4Label=Biome, locationFormat=xzyv, playerDisplay=Small Dots, showGrid=true, reticleOrientation=Compass, gameTimeRealFormat=HH:mm:ss, showWaypoints=true, showCaves=true, showAnimals=true, showMobHeading=true, showWaypointLabels=true, locationFormatVerbose=true, position=Top Right, info1Label=Blank, fontScale=1}
MiniMapProperties{state=SavedOk, file=journeymap.minimap2.config, configVersion=5.7.1p3, zoomLevel=0, showPlayers=true, frameAlpha=100, compassFontScale=1, terrainAlpha=100, showEntityNames=true, enabled=true, showPlayerHeading=true, showVillagers=true, info2Label=Game Time, sizePercent=30, showDayNight=true, info3Label=Location, showMobs=true, showPets=true, preferredMapType=day, showCompass=true, mobDisplay=Small Dots, showReticle=true, orientation=North, systemTimeRealFormat=HH:mm:ss, shape=Rectangle, showSelf=true, info4Label=Biome, locationFormat=xzyv, playerDisplay=Small Dots, showGrid=true, reticleOrientation=Compass, gameTimeRealFormat=HH:mm:ss, showWaypoints=true, showCaves=true, showAnimals=true, showMobHeading=true, showWaypointLabels=true, locationFormatVerbose=true, position=Top Right, info1Label=Blank, fontScale=1}
FullMapProperties{state=SavedOk, file=journeymap.fullmap.config, configVersion=5.7.1p3, mobDisplay=Small Dots, zoomLevel=0, showPlayers=true, showSelf=true, locationFormat=xzyv, playerDisplay=Small Dots, showGrid=true, showEntityNames=true, showPlayerHeading=true, showVillagers=true, showWaypoints=true, showCaves=true, showAnimals=true, showMobHeading=true, showKeys=true, showWaypointLabels=true, locationFormatVerbose=true, showMobs=true, showPets=true, fontScale=1, preferredMapType=day}
WaypointProperties{state=SavedOk, file=journeymap.waypoint.config, configVersion=5.7.1p3, autoRemoveDeathpointDistance=2, createDeathpoints=true, showName=true, dateFormat=MM-dd-yyyy, autoRemoveDeathpoints=false, maxDistance=0, autoHideLabel=true, teleportCommand=/tp {name} {x} {y} {z}, showStaticBeam=true, minDistance=4, timeFormat=HH:mm:ss, boldLabel=false, textureSmall=true, showDeathpointlabel=true, showDistance=true, showRotatingBeam=true, fontScale=2, showTexture=true, managerEnabled=true, beaconEnabled=true}
WebMapProperties{state=SavedOk, file=journeymap.webmap.config, configVersion=5.7.1p3, zoomLevel=0, showWaypoints=true, showCaves=true, showSelf=true, port=8080, showGrid=true, showEntityNames=true, enabled=false, preferredMapType=day}
CoreProperties{state=SavedOk, file=journeymap.core.config, configVersion=5.7.1p3, verboseColorPalette=false, maxPlayersData=32, mapSurfaceAboveCaves=true, optionsManagerViewed=null, announceMod=true, colorPassive=#bbbbbb, renderOverlayEventTypeName=ALL, mapBlendWater=false, renderDistanceSurfaceMax=7, radarVerticalDistance=16, mapBlendGrass=true, recordCacheStats=false, hideSneakingEntities=true, revealShape=Circle, alwaysMapSurface=false, colorVillager=#88e188, mapPlants=false, colorPet=#0077ff, radarLateralDistance=64, mapBathymetry=false, mapCrops=true, maxMobsData=32, mapPlantShadows=false, alwaysMapCaves=false, checkUpdates=true, browserPoll=2000, mapBlendFoliage=true, mappingEnabled=true, colorPlayer=#ffffff, tileHighDisplayQuality=true, cacheVillagersData=2200, logLevel=INFO, maxVillagersData=32, maxAnimalsData=32, mapTransparency=true, tileRenderType=1, caveIgnoreGlass=true, mapTopography=true, renderDistanceCaveMax=3, mapAntialiasing=true, colorSelf=#0000ff, cachePlayersData=2000, cacheMobsData=3000, cachePlayerData=1000, splashViewed=null, colorHostile=#ff0000, cacheAnimalsData=3100, themeName=OceanMonument, mapCaveLighting=true, renderDelay=2, renderOverlayPreEvent=true, autoMapPoll=2000}
[20:26:30] [Client thread/INFO] [ClientAPI] [ClientAPI] built with JourneyMap API 1.4
[20:26:30] [Client thread/INFO] [PluginHelper] Initializing plugins with Client API: journeymap.client.api.impl.ClientAPI
[20:26:30] [Client thread/INFO] [JourneymapClient] initialize EXIT, elapsed count 0 avg ?ms
[20:26:30] [Client thread/DEBUG] [JourneymapClient] postInitialize ENTER
[20:26:30] [Client thread/DEBUG] [EventHandlerManager] Handler registered: journeymap.client.forge.event.KeyEventHandler
[20:26:30] [Client thread/DEBUG] [EventHandlerManager] Handler registered: journeymap.client.forge.event.ChatEventHandler
[20:26:30] [Client thread/DEBUG] [EventHandlerManager] Handler registered: journeymap.client.forge.event.StateTickHandler
[20:26:30] [Client thread/DEBUG] [EventHandlerManager] Handler registered: journeymap.client.forge.event.WorldEventHandler
[20:26:30] [Client thread/DEBUG] [EventHandlerManager] Handler registered: journeymap.client.forge.event.WaypointBeaconHandler
[20:26:30] [Client thread/DEBUG] [EventHandlerManager] Handler registered: journeymap.client.forge.event.TextureAtlasHandler
[20:26:30] [Client thread/DEBUG] [EventHandlerManager] Handler registered: journeymap.client.forge.event.MiniMapOverlayHandler
[20:26:30] [Client thread/DEBUG] [EventHandlerManager] Handler registered: journeymap.client.forge.event.PlayerConnectHandler
[20:26:30] [Client thread/DEBUG] [EventHandlerManager] Handler registered: journeymap.client.world.ChunkMonitor
[20:26:30] [Client thread/ERROR] [FileHandler] Couldn't locate icons for Default: C:\Users\wellg\AppData\Roaming\PrismLauncher\instances\Primitive%20Ascent\minecraft\mods\journeymap-1.12.2-5.7.1p3.jar\assets\journeymap\icon\entity
[20:26:30] [Client thread/INFO] [IconSetFileHandler] Added entity icons from journeymap:icon/entity. Success: false
[20:26:30] [Client thread/TRACE] [ThemeLoader] Initializing themes ...
[20:26:30] [Client thread/ERROR] [FileHandler] Couldn't locate icons for flat: C:\Users\wellg\AppData\Roaming\PrismLauncher\instances\Primitive%20Ascent\minecraft\mods\journeymap-1.12.2-5.7.1p3.jar\assets\journeymap\theme\flat
[20:26:30] [Client thread/INFO] [ThemeLoader] Preloaded theme textures: 0
[20:26:30] [Client thread/DEBUG] [JourneymapClient] postInitialize EXIT, elapsed§8 count §r1§8 avg §r168.12§8ms§r
[20:26:31] [JM-VersionCheck-1/INFO] [VersionCheck$1] Newer version online: JourneyMap 5.7.1p3.jar for Minecraft 1.12.2 on http://minecraft.curseforge.com/projects/journeymap/files/5172461
[20:26:40] [Server thread/INFO] [PropertiesBase] global (FirstLoaded) Setting config file to version "5.7.1p3": journeymap.server.global.config
[20:26:40] [Server thread/INFO] [PropertiesBase] global (Valid) Creating config file: C:\Users\wellg\AppData\Roaming\PrismLauncher\instances\Primitive Ascent\minecraft\journeymap\server\5.7\journeymap.server.global.config
[20:26:40] [Server thread/INFO] [PropertiesBase] default (FirstLoaded) Setting config file to version "5.7.1p3": journeymap.server.default.config
[20:26:40] [Server thread/INFO] [PropertiesBase] default (Valid) Creating config file: C:\Users\wellg\AppData\Roaming\PrismLauncher\instances\Primitive Ascent\minecraft\journeymap\server\5.7\journeymap.server.default.config
[20:26:40] [Server thread/INFO] [PropertiesBase] dim0 (Initialized) Setting config file to version "5.7.1p3": journeymap.server.dim0.config
[20:26:40] [Server thread/INFO] [PropertiesBase] dim0 (Valid) Creating config file: C:\Users\wellg\AppData\Roaming\PrismLauncher\instances\Primitive Ascent\minecraft\journeymap\server\5.7\journeymap.server.dim0.config
[20:26:40] [Server thread/INFO] [PropertiesBase] dim-1 (Initialized) Setting config file to version "5.7.1p3": journeymap.server.dim-1.config
[20:26:40] [Server thread/INFO] [PropertiesBase] dim-1 (Valid) Creating config file: C:\Users\wellg\AppData\Roaming\PrismLauncher\instances\Primitive Ascent\minecraft\journeymap\server\5.7\journeymap.server.dim-1.config
[20:26:40] [Server thread/INFO] [PropertiesBase] dim1 (Initialized) Setting config file to version "5.7.1p3": journeymap.server.dim1.config
[20:26:40] [Server thread/INFO] [PropertiesBase] dim1 (Valid) Creating config file: C:\Users\wellg\AppData\Roaming\PrismLauncher\instances\Primitive Ascent\minecraft\journeymap\server\5.7\journeymap.server.dim1.config
[20:26:41] [Client thread/WARN] [PropertiesBase] core (Initialized) Bad configField entry during updateFrom(): optionsManagerViewed=null
[20:26:41] [Client thread/WARN] [PropertiesBase] core (Initialized) Bad configField entry during updateFrom(): splashViewed=null
[20:26:42] [Client thread/INFO] [WaypointStore] Loaded 0 waypoints from C:\Users\wellg\AppData\Roaming\PrismLauncher\instances\Primitive Ascent\minecraft\journeymap\data\sp\New World~\waypoints
[20:26:42] [Client thread/INFO] [JourneymapClient] Mapping started in C:\Users\wellg\AppData\Roaming\PrismLauncher\instances\Primitive Ascent\minecraft\journeymap\data\sp\New World~\DIM0. Memory: 2392MB total, 917MB free 
[20:26:42] [Client thread/INFO] [ChatLog] JourneyMap: Press [J]
[20:26:55] [JM-texture-2/WARN] [IgnSkin] Error getting face image for gdude2002: null
[20:26:55] [JM-texture-2/WARN] [TextureCache] Couldn't get a skin at all for gdude2002
[20:45:46] [Client thread/INFO] [StatTimer] TileDrawStep.updateRegionTexture hit max count, 1000000
[20:45:46] [Client thread/INFO] [StatTimer] TileDrawStep.draw(low) hit max count, 1000000
[21:04:45] [Client thread/INFO] [JourneymapClient] Mapping halted in C:\Users\wellg\AppData\Roaming\PrismLauncher\instances\Primitive Ascent\minecraft\journeymap\data\sp\New World~\DIM0
[21:05:08] [Client thread/INFO] [WaypointStore] Loaded 0 waypoints from C:\Users\wellg\AppData\Roaming\PrismLauncher\instances\Primitive Ascent\minecraft\journeymap\data\sp\New World\waypoints
[21:05:08] [Client thread/INFO] [JourneymapClient] Mapping started in C:\Users\wellg\AppData\Roaming\PrismLauncher\instances\Primitive Ascent\minecraft\journeymap\data\sp\New World\DIM0. Memory: 1957MB total, 952MB free 
[21:05:11] [Client thread/INFO] [JourneymapClient] Mapping halted in C:\Users\wellg\AppData\Roaming\PrismLauncher\instances\Primitive Ascent\minecraft\journeymap\data\sp\New World\DIM0
[21:05:17] [Client thread/INFO] [WaypointStore] Loaded 0 waypoints from C:\Users\wellg\AppData\Roaming\PrismLauncher\instances\Primitive Ascent\minecraft\journeymap\data\sp\New World~\waypoints
[21:05:17] [Client thread/INFO] [JourneymapClient] Mapping started in C:\Users\wellg\AppData\Roaming\PrismLauncher\instances\Primitive Ascent\minecraft\journeymap\data\sp\New World~\DIM0. Memory: 2015MB total, 1043MB free 
[21:11:41] [Client thread/INFO] [JourneymapClient] Mapping halted in C:\Users\wellg\AppData\Roaming\PrismLauncher\instances\Primitive Ascent\minecraft\journeymap\data\sp\New World~\DIM0
